// Jest Snapshot v1, https://goo.gl/fbAQLP

exports[`App should match the snapshot taken 1`] = `ShallowWrapper {}`;
